==================================================
 NEXUS MATRIX: MIDNIGHT CYCLE INITIATED
==================================================
[23:59:01] ORACLE: Scanning 12 global categories...

[23:59:08] CREATIVE ENGINE: Hardwiring campaigns...

⚡ LAUNCHING [ELECTRONICS] APEX FUNNEL ⚡
📦 SKU Target: SKU_US_ELECTRONICS_ALPHA_MODEL_001 (Score: 27.22)
🎬 Media: /airgap/creative_vault/4k_omni_electronics.mp4
✍️  Copy: 🚨 VIRAL ALERT: The Electronics Alpha Model is breaking the internet. 24 HOURS ONLY. Tap to secure yours.
🚀 Routing to 3 ad networks...

⚡ LAUNCHING [APPAREL] APEX FUNNEL ⚡
📦 SKU Target: SKU_US_APPAREL_PRO_SERIES_001 (Score: 15.28)
🎬 Media: /airgap/creative_vault/4k_omni_apparel.mp4
✍️  Copy: The daily drop is live. Apparel Pro Series just hit the store. Claim yours before midnight.
🚀 Routing to 3 ad networks...

⚡ LAUNCHING [BEAUTY] APEX FUNNEL ⚡
📦 SKU Target: SKU_US_BEAUTY_PRO_SERIES_001 (Score: 27.05)
🎬 Media: /airgap/creative_vault/4k_omni_beauty.mp4
✍️  Copy: 🚨 VIRAL ALERT: The Beauty Pro Series is breaking the internet. 24 HOURS ONLY. Tap to secure yours.
🚀 Routing to 3 ad networks...

⚡ LAUNCHING [HOME] APEX FUNNEL ⚡
📦 SKU Target: SKU_US_HOME_ALPHA_MODEL_001 (Score: 27.09)
🎬 Media: /airgap/creative_vault/4k_omni_home.mp4
✍️  Copy: 🚨 VIRAL ALERT: The Home Alpha Model is breaking the internet. 24 HOURS ONLY. Tap to secure yours.
🚀 Routing to 3 ad networks...

⚡ LAUNCHING [FITNESS] APEX FUNNEL ⚡
📦 SKU Target: SKU_US_FITNESS_PRO_SERIES_001 (Score: 18.12)
🎬 Media: /airgap/creative_vault/4k_omni_fitness.mp4
✍️  Copy: The daily drop is live. Fitness Pro Series just hit the store. Claim yours before midnight.
🚀 Routing to 3 ad networks...

⚡ LAUNCHING [OUTDOORS] APEX FUNNEL ⚡
📦 SKU Target: SKU_US_OUTDOORS_PRO_SERIES_001 (Score: 18.42)
🎬 Media: /airgap/creative_vault/4k_omni_outdoors.mp4
✍️  Copy: The daily drop is live. Outdoors Pro Series just hit the store. Claim yours before midnight.
🚀 Routing to 3 ad networks...

⚡ LAUNCHING [COLLECTIBLES] APEX FUNNEL ⚡
📦 SKU Target: SKU_US_COLLECTIBLES_PRO_SERIES_001 (Score: 23.48)
🎬 Media: /airgap/creative_vault/4k_omni_collectibles.mp4
✍️  Copy: The daily drop is live. Collectibles Pro Series just hit the store. Claim yours before midnight.
🚀 Routing to 3 ad networks...

⚡ LAUNCHING [WELLNESS] APEX FUNNEL ⚡
📦 SKU Target: SKU_US_WELLNESS_CORE_ESSENTIAL_001 (Score: 19.36)
🎬 Media: /airgap/creative_vault/4k_omni_wellness.mp4
✍️  Copy: The daily drop is live. Wellness Core Essential just hit the store. Claim yours before midnight.
🚀 Routing to 3 ad networks...

⚡ LAUNCHING [PETS] APEX FUNNEL ⚡
📦 SKU Target: SKU_US_PETS_ALPHA_MODEL_001 (Score: 22.01)
🎬 Media: /airgap/creative_vault/4k_omni_pets.mp4
✍️  Copy: The daily drop is live. Pets Alpha Model just hit the store. Claim yours before midnight.
🚀 Routing to 3 ad networks...

⚡ LAUNCHING [AUTO] APEX FUNNEL ⚡
📦 SKU Target: SKU_US_AUTO_CORE_ESSENTIAL_001 (Score: 18.01)
🎬 Media: /airgap/creative_vault/4k_omni_auto.mp4
✍️  Copy: The daily drop is live. Auto Core Essential just hit the store. Claim yours before midnight.
🚀 Routing to 3 ad networks...

⚡ LAUNCHING [DIY] APEX FUNNEL ⚡
📦 SKU Target: SKU_US_DIY_PRO_SERIES_001 (Score: 20.89)
🎬 Media: /airgap/creative_vault/4k_omni_diy.mp4
✍️  Copy: The daily drop is live. DIY Pro Series just hit the store. Claim yours before midnight.
🚀 Routing to 3 ad networks...

⚡ LAUNCHING [HOUSEHOLD] APEX FUNNEL ⚡
📦 SKU Target: SKU_US_HOUSEHOLD_ALPHA_MODEL_001 (Score: 33.44)
🎬 Media: /airgap/creative_vault/4k_omni_household.mp4
✍️  Copy: 🚨 VIRAL ALERT: The Household Alpha Model is breaking the internet. 24 HOURS ONLY. Tap to secure yours.
🚀 Routing to 3 ad networks...

==================================================
 [6:00 AM DEADLINE MET] MATRIX IS LIVE.
 All 12 Storefronts Rebuilt. Traffic is Routing.
==================================================
==================================================
 NEXUS MATRIX: MIDNIGHT CYCLE INITIATED
==================================================
[23:59:01] ORACLE: Scanning 12 global categories...

[23:59:08] CREATIVE ENGINE: Hardwiring campaigns...

⚡ LAUNCHING [ELECTRONICS] APEX FUNNEL ⚡
📦 SKU Target: SKU_US_ELECTRONICS_PRO_SERIES_001 (Score: 11.87)
🎬 Media: /airgap/creative_vault/4k_omni_electronics.mp4
✍️  Copy: The daily drop is live. Electronics Pro Series just hit the store. Claim yours before midnight.
🚀 Routing to 3 ad networks...

⚡ LAUNCHING [APPAREL] APEX FUNNEL ⚡
📦 SKU Target: SKU_US_APPAREL_ALPHA_MODEL_001 (Score: 24.97)
🎬 Media: /airgap/creative_vault/4k_omni_apparel.mp4
✍️  Copy: The daily drop is live. Apparel Alpha Model just hit the store. Claim yours before midnight.
🚀 Routing to 3 ad networks...

⚡ LAUNCHING [BEAUTY] APEX FUNNEL ⚡
📦 SKU Target: SKU_US_BEAUTY_PRO_SERIES_001 (Score: 32.76)
🎬 Media: /airgap/creative_vault/4k_omni_beauty.mp4
✍️  Copy: 🚨 VIRAL ALERT: The Beauty Pro Series is breaking the internet. 24 HOURS ONLY. Tap to secure yours.
🚀 Routing to 3 ad networks...

⚡ LAUNCHING [HOME] APEX FUNNEL ⚡
📦 SKU Target: SKU_US_HOME_PRO_SERIES_001 (Score: 27.83)
🎬 Media: /airgap/creative_vault/4k_omni_home.mp4
✍️  Copy: 🚨 VIRAL ALERT: The Home Pro Series is breaking the internet. 24 HOURS ONLY. Tap to secure yours.
🚀 Routing to 3 ad networks...

⚡ LAUNCHING [FITNESS] APEX FUNNEL ⚡
📦 SKU Target: SKU_US_FITNESS_ALPHA_MODEL_001 (Score: 20.19)
🎬 Media: /airgap/creative_vault/4k_omni_fitness.mp4
✍️  Copy: The daily drop is live. Fitness Alpha Model just hit the store. Claim yours before midnight.
🚀 Routing to 3 ad networks...

⚡ LAUNCHING [OUTDOORS] APEX FUNNEL ⚡
📦 SKU Target: SKU_US_OUTDOORS_PRO_SERIES_001 (Score: 29.49)
🎬 Media: /airgap/creative_vault/4k_omni_outdoors.mp4
✍️  Copy: 🚨 VIRAL ALERT: The Outdoors Pro Series is breaking the internet. 24 HOURS ONLY. Tap to secure yours.
🚀 Routing to 3 ad networks...

⚡ LAUNCHING [COLLECTIBLES] APEX FUNNEL ⚡
📦 SKU Target: SKU_US_COLLECTIBLES_PRO_SERIES_001 (Score: 27.32)
🎬 Media: /airgap/creative_vault/4k_omni_collectibles.mp4
✍️  Copy: 🚨 VIRAL ALERT: The Collectibles Pro Series is breaking the internet. 24 HOURS ONLY. Tap to secure yours.
🚀 Routing to 3 ad networks...

⚡ LAUNCHING [WELLNESS] APEX FUNNEL ⚡
📦 SKU Target: SKU_US_WELLNESS_PRO_SERIES_001 (Score: 17.89)
🎬 Media: /airgap/creative_vault/4k_omni_wellness.mp4
✍️  Copy: The daily drop is live. Wellness Pro Series just hit the store. Claim yours before midnight.
🚀 Routing to 3 ad networks...

⚡ LAUNCHING [PETS] APEX FUNNEL ⚡
📦 SKU Target: SKU_US_PETS_PRO_SERIES_001 (Score: 30.26)
🎬 Media: /airgap/creative_vault/4k_omni_pets.mp4
✍️  Copy: 🚨 VIRAL ALERT: The Pets Pro Series is breaking the internet. 24 HOURS ONLY. Tap to secure yours.
🚀 Routing to 3 ad networks...

⚡ LAUNCHING [AUTO] APEX FUNNEL ⚡
📦 SKU Target: SKU_US_AUTO_CORE_ESSENTIAL_001 (Score: 28.56)
🎬 Media: /airgap/creative_vault/4k_omni_auto.mp4
✍️  Copy: 🚨 VIRAL ALERT: The Auto Core Essential is breaking the internet. 24 HOURS ONLY. Tap to secure yours.
🚀 Routing to 3 ad networks...

⚡ LAUNCHING [DIY] APEX FUNNEL ⚡
📦 SKU Target: SKU_US_DIY_PRO_SERIES_001 (Score: 19.87)
🎬 Media: /airgap/creative_vault/4k_omni_diy.mp4
✍️  Copy: The daily drop is live. DIY Pro Series just hit the store. Claim yours before midnight.
🚀 Routing to 3 ad networks...

⚡ LAUNCHING [HOUSEHOLD] APEX FUNNEL ⚡
📦 SKU Target: SKU_US_HOUSEHOLD_PRO_SERIES_001 (Score: 27.89)
🎬 Media: /airgap/creative_vault/4k_omni_household.mp4
✍️  Copy: 🚨 VIRAL ALERT: The Household Pro Series is breaking the internet. 24 HOURS ONLY. Tap to secure yours.
🚀 Routing to 3 ad networks...

==================================================
 [6:00 AM DEADLINE MET] MATRIX IS LIVE.
 All 12 Storefronts Rebuilt. Traffic is Routing.
==================================================
