0 verbose cli /usr/bin/node /usr/bin/npm
1 info using npm@9.2.0
2 info using node@v20.19.2
3 timing npm:load:whichnode Completed in 0ms
4 timing config:load:defaults Completed in 1ms
5 timing config:load:file:/usr/share/nodejs/npm/npmrc Completed in 2ms
6 timing config:load:builtin Completed in 2ms
7 timing config:load:cli Completed in 1ms
8 timing config:load:env Completed in 0ms
9 timing config:load:file:/home/aashorrosh/aegis-marketplace (1)/.npmrc Completed in 0ms
10 timing config:load:project Completed in 2ms
11 timing config:load:file:/home/aashorrosh/.npmrc Completed in 0ms
12 timing config:load:user Completed in 0ms
13 timing config:load:file:/etc/npmrc Completed in 0ms
14 timing config:load:global Completed in 0ms
15 timing config:load:setEnvs Completed in 1ms
16 timing config:load Completed in 7ms
17 timing npm:load:configload Completed in 7ms
18 timing npm:load:mkdirpcache Completed in 0ms
19 timing npm:load:mkdirplogs Completed in 0ms
20 verbose title npm install
21 verbose argv "install"
22 timing npm:load:setTitle Completed in 1ms
23 timing config:load:flatten Completed in 1ms
24 timing npm:load:display Completed in 2ms
25 verbose logfile logs-max:10 dir:/home/aashorrosh/.npm/_logs/2026-09-08T00_44_06_618Z-
26 verbose logfile /home/aashorrosh/.npm/_logs/2026-09-08T00_44_06_618Z-debug-0.log
27 timing npm:load:logFile Completed in 4ms
28 timing npm:load:timers Completed in 0ms
29 timing npm:load:configScope Completed in 0ms
30 timing npm:load Completed in 14ms
31 silly logfile done cleaning log files
32 timing config:load:flatten Completed in 0ms
33 timing arborist:ctor Completed in 0ms
34 timing idealTree:init Completed in 6ms
35 timing idealTree:userRequests Completed in 0ms
36 silly idealTree buildDeps
37 timing idealTree:#root Completed in 0ms
38 timing idealTree:buildDeps Completed in 1ms
39 timing idealTree:fixDepFlags Completed in 0ms
40 timing idealTree Completed in 7ms
41 timing reify:loadTrees Completed in 65ms
42 timing reify:diffTrees Completed in 1ms
43 silly reify mark retired [ '/home/aashorrosh/aegis-marketplace (1)/node_modules/stripe' ]
44 silly reify mark retired [ '/home/aashorrosh/aegis-marketplace (1)/node_modules/typescript' ]
45 silly reify mark retired [
45 silly reify   '/home/aashorrosh/aegis-marketplace (1)/node_modules/acorn',
45 silly reify   '/home/aashorrosh/aegis-marketplace (1)/node_modules/.bin/acorn'
45 silly reify ]
46 silly reify mark retired [ '/home/aashorrosh/aegis-marketplace (1)/node_modules/accepts' ]
47 silly reify mark retired [ '/home/aashorrosh/aegis-marketplace (1)/node_modules/acorn-walk' ]
48 silly reify mark retired [ '/home/aashorrosh/aegis-marketplace (1)/node_modules/arg' ]
49 silly reify mark retired [ '/home/aashorrosh/aegis-marketplace (1)/node_modules/body-parser' ]
50 silly reify mark retired [ '/home/aashorrosh/aegis-marketplace (1)/node_modules/bytes' ]
51 silly reify mark retired [
51 silly reify   '/home/aashorrosh/aegis-marketplace (1)/node_modules/call-bind-apply-helpers'
51 silly reify ]
52 silly reify mark retired [ '/home/aashorrosh/aegis-marketplace (1)/node_modules/call-bound' ]
53 silly reify mark retired [
53 silly reify   '/home/aashorrosh/aegis-marketplace (1)/node_modules/cluster-key-slot'
53 silly reify ]
54 silly reify mark retired [
54 silly reify   '/home/aashorrosh/aegis-marketplace (1)/node_modules/content-disposition'
54 silly reify ]
55 silly reify mark retired [ '/home/aashorrosh/aegis-marketplace (1)/node_modules/content-type' ]
56 silly reify mark retired [ '/home/aashorrosh/aegis-marketplace (1)/node_modules/cookie' ]
57 silly reify mark retired [
57 silly reify   '/home/aashorrosh/aegis-marketplace (1)/node_modules/cookie-signature'
57 silly reify ]
58 silly reify mark retired [ '/home/aashorrosh/aegis-marketplace (1)/node_modules/cors' ]
59 silly reify mark retired [
59 silly reify   '/home/aashorrosh/aegis-marketplace (1)/node_modules/create-require'
59 silly reify ]
60 silly reify mark retired [ '/home/aashorrosh/aegis-marketplace (1)/node_modules/debug' ]
61 silly reify mark retired [ '/home/aashorrosh/aegis-marketplace (1)/node_modules/denque' ]
62 silly reify mark retired [ '/home/aashorrosh/aegis-marketplace (1)/node_modules/depd' ]
63 silly reify mark retired [ '/home/aashorrosh/aegis-marketplace (1)/node_modules/diff' ]
64 silly reify mark retired [ '/home/aashorrosh/aegis-marketplace (1)/node_modules/dotenv' ]
65 silly reify mark retired [ '/home/aashorrosh/aegis-marketplace (1)/node_modules/dunder-proto' ]
66 silly reify mark retired [ '/home/aashorrosh/aegis-marketplace (1)/node_modules/ee-first' ]
67 silly reify mark retired [ '/home/aashorrosh/aegis-marketplace (1)/node_modules/encodeurl' ]
68 silly reify mark retired [
68 silly reify   '/home/aashorrosh/aegis-marketplace (1)/node_modules/es-define-property'
68 silly reify ]
69 silly reify mark retired [ '/home/aashorrosh/aegis-marketplace (1)/node_modules/es-errors' ]
70 silly reify mark retired [
70 silly reify   '/home/aashorrosh/aegis-marketplace (1)/node_modules/es-object-atoms'
70 silly reify ]
71 silly reify mark retired [ '/home/aashorrosh/aegis-marketplace (1)/node_modules/escape-html' ]
72 silly reify mark retired [ '/home/aashorrosh/aegis-marketplace (1)/node_modules/etag' ]
73 silly reify mark retired [ '/home/aashorrosh/aegis-marketplace (1)/node_modules/express' ]
74 silly reify mark retired [ '/home/aashorrosh/aegis-marketplace (1)/node_modules/finalhandler' ]
75 silly reify mark retired [ '/home/aashorrosh/aegis-marketplace (1)/node_modules/forwarded' ]
76 silly reify mark retired [ '/home/aashorrosh/aegis-marketplace (1)/node_modules/fresh' ]
77 silly reify mark retired [ '/home/aashorrosh/aegis-marketplace (1)/node_modules/function-bind' ]
78 silly reify mark retired [ '/home/aashorrosh/aegis-marketplace (1)/node_modules/get-intrinsic' ]
79 silly reify mark retired [ '/home/aashorrosh/aegis-marketplace (1)/node_modules/get-proto' ]
80 silly reify mark retired [ '/home/aashorrosh/aegis-marketplace (1)/node_modules/gopd' ]
81 silly reify mark retired [ '/home/aashorrosh/aegis-marketplace (1)/node_modules/has-symbols' ]
82 silly reify mark retired [ '/home/aashorrosh/aegis-marketplace (1)/node_modules/hasown' ]
83 silly reify mark retired [ '/home/aashorrosh/aegis-marketplace (1)/node_modules/http-errors' ]
84 silly reify mark retired [ '/home/aashorrosh/aegis-marketplace (1)/node_modules/iconv-lite' ]
85 silly reify mark retired [ '/home/aashorrosh/aegis-marketplace (1)/node_modules/inherits' ]
86 silly reify mark retired [ '/home/aashorrosh/aegis-marketplace (1)/node_modules/ioredis' ]
87 silly reify mark retired [ '/home/aashorrosh/aegis-marketplace (1)/node_modules/ipaddr.js' ]
88 silly reify mark retired [ '/home/aashorrosh/aegis-marketplace (1)/node_modules/is-promise' ]
89 silly reify mark retired [ '/home/aashorrosh/aegis-marketplace (1)/node_modules/make-error' ]
90 silly reify mark retired [
90 silly reify   '/home/aashorrosh/aegis-marketplace (1)/node_modules/math-intrinsics'
90 silly reify ]
91 silly reify mark retired [ '/home/aashorrosh/aegis-marketplace (1)/node_modules/media-typer' ]
92 silly reify mark retired [
92 silly reify   '/home/aashorrosh/aegis-marketplace (1)/node_modules/merge-descriptors'
92 silly reify ]
93 silly reify mark retired [ '/home/aashorrosh/aegis-marketplace (1)/node_modules/mime-db' ]
94 silly reify mark retired [ '/home/aashorrosh/aegis-marketplace (1)/node_modules/mime-types' ]
95 silly reify mark retired [ '/home/aashorrosh/aegis-marketplace (1)/node_modules/ms' ]
96 silly reify mark retired [ '/home/aashorrosh/aegis-marketplace (1)/node_modules/negotiator' ]
97 silly reify mark retired [ '/home/aashorrosh/aegis-marketplace (1)/node_modules/object-assign' ]
98 silly reify mark retired [
98 silly reify   '/home/aashorrosh/aegis-marketplace (1)/node_modules/object-inspect'
98 silly reify ]
99 silly reify mark retired [ '/home/aashorrosh/aegis-marketplace (1)/node_modules/on-finished' ]
100 silly reify mark retired [ '/home/aashorrosh/aegis-marketplace (1)/node_modules/once' ]
101 silly reify mark retired [ '/home/aashorrosh/aegis-marketplace (1)/node_modules/parseurl' ]
102 silly reify mark retired [
102 silly reify   '/home/aashorrosh/aegis-marketplace (1)/node_modules/path-to-regexp'
102 silly reify ]
103 silly reify mark retired [ '/home/aashorrosh/aegis-marketplace (1)/node_modules/proxy-addr' ]
104 silly reify mark retired [ '/home/aashorrosh/aegis-marketplace (1)/node_modules/qs' ]
105 silly reify mark retired [ '/home/aashorrosh/aegis-marketplace (1)/node_modules/range-parser' ]
106 silly reify mark retired [ '/home/aashorrosh/aegis-marketplace (1)/node_modules/raw-body' ]
107 silly reify mark retired [ '/home/aashorrosh/aegis-marketplace (1)/node_modules/redis-errors' ]
108 silly reify mark retired [ '/home/aashorrosh/aegis-marketplace (1)/node_modules/router' ]
109 silly reify mark retired [ '/home/aashorrosh/aegis-marketplace (1)/node_modules/safer-buffer' ]
110 silly reify mark retired [ '/home/aashorrosh/aegis-marketplace (1)/node_modules/send' ]
111 silly reify mark retired [ '/home/aashorrosh/aegis-marketplace (1)/node_modules/serve-static' ]
112 silly reify mark retired [
112 silly reify   '/home/aashorrosh/aegis-marketplace (1)/node_modules/setprototypeof'
112 silly reify ]
113 silly reify mark retired [ '/home/aashorrosh/aegis-marketplace (1)/node_modules/side-channel' ]
114 silly reify mark retired [
114 silly reify   '/home/aashorrosh/aegis-marketplace (1)/node_modules/side-channel-list'
114 silly reify ]
115 silly reify mark retired [
115 silly reify   '/home/aashorrosh/aegis-marketplace (1)/node_modules/side-channel-map'
115 silly reify ]
116 silly reify mark retired [
116 silly reify   '/home/aashorrosh/aegis-marketplace (1)/node_modules/side-channel-weakmap'
116 silly reify ]
117 silly reify mark retired [
117 silly reify   '/home/aashorrosh/aegis-marketplace (1)/node_modules/standard-as-callback'
117 silly reify ]
118 silly reify mark retired [ '/home/aashorrosh/aegis-marketplace (1)/node_modules/statuses' ]
119 silly reify mark retired [ '/home/aashorrosh/aegis-marketplace (1)/node_modules/toidentifier' ]
120 silly reify mark retired [
120 silly reify   '/home/aashorrosh/aegis-marketplace (1)/node_modules/ts-node',
120 silly reify   '/home/aashorrosh/aegis-marketplace (1)/node_modules/.bin/ts-node',
120 silly reify   '/home/aashorrosh/aegis-marketplace (1)/node_modules/.bin/ts-node-cwd',
120 silly reify   '/home/aashorrosh/aegis-marketplace (1)/node_modules/.bin/ts-node-esm',
120 silly reify   '/home/aashorrosh/aegis-marketplace (1)/node_modules/.bin/ts-node-script',
120 silly reify   '/home/aashorrosh/aegis-marketplace (1)/node_modules/.bin/ts-node-transpile-only',
120 silly reify   '/home/aashorrosh/aegis-marketplace (1)/node_modules/.bin/ts-script'
120 silly reify ]
121 silly reify mark retired [ '/home/aashorrosh/aegis-marketplace (1)/node_modules/type-is' ]
122 silly reify mark retired [ '/home/aashorrosh/aegis-marketplace (1)/node_modules/undici-types' ]
123 silly reify mark retired [ '/home/aashorrosh/aegis-marketplace (1)/node_modules/unpipe' ]
124 silly reify mark retired [
124 silly reify   '/home/aashorrosh/aegis-marketplace (1)/node_modules/v8-compile-cache-lib'
124 silly reify ]
125 silly reify mark retired [ '/home/aashorrosh/aegis-marketplace (1)/node_modules/vary' ]
126 silly reify mark retired [ '/home/aashorrosh/aegis-marketplace (1)/node_modules/wrappy' ]
127 silly reify mark retired [ '/home/aashorrosh/aegis-marketplace (1)/node_modules/yn' ]
128 silly reify mark retired [
128 silly reify   '/home/aashorrosh/aegis-marketplace (1)/node_modules/@ioredis/commands'
128 silly reify ]
129 silly reify moves {
129 silly reify   '/home/aashorrosh/aegis-marketplace (1)/node_modules/stripe': '/home/aashorrosh/aegis-marketplace (1)/node_modules/.stripe-RdMshAje',
129 silly reify   '/home/aashorrosh/aegis-marketplace (1)/node_modules/typescript': '/home/aashorrosh/aegis-marketplace (1)/node_modules/.typescript-jFtr0UUe',
129 silly reify   '/home/aashorrosh/aegis-marketplace (1)/node_modules/acorn': '/home/aashorrosh/aegis-marketplace (1)/node_modules/.acorn-2sEX5Ocv',
129 silly reify   '/home/aashorrosh/aegis-marketplace (1)/node_modules/.bin/acorn': '/home/aashorrosh/aegis-marketplace (1)/node_modules/.bin/.acorn-32kngHeA',
129 silly reify   '/home/aashorrosh/aegis-marketplace (1)/node_modules/accepts': '/home/aashorrosh/aegis-marketplace (1)/node_modules/.accepts-rFCUPdUT',
129 silly reify   '/home/aashorrosh/aegis-marketplace (1)/node_modules/acorn-walk': '/home/aashorrosh/aegis-marketplace (1)/node_modules/.acorn-walk-36BNT4Am',
129 silly reify   '/home/aashorrosh/aegis-marketplace (1)/node_modules/arg': '/home/aashorrosh/aegis-marketplace (1)/node_modules/.arg-in9O14c9',
129 silly reify   '/home/aashorrosh/aegis-marketplace (1)/node_modules/body-parser': '/home/aashorrosh/aegis-marketplace (1)/node_modules/.body-parser-lxcZlmH7',
129 silly reify   '/home/aashorrosh/aegis-marketplace (1)/node_modules/bytes': '/home/aashorrosh/aegis-marketplace (1)/node_modules/.bytes-gEdeSuBr',
129 silly reify   '/home/aashorrosh/aegis-marketplace (1)/node_modules/call-bind-apply-helpers': '/home/aashorrosh/aegis-marketplace (1)/node_modules/.call-bind-apply-helpers-SiSMEKgr',
129 silly reify   '/home/aashorrosh/aegis-marketplace (1)/node_modules/call-bound': '/home/aashorrosh/aegis-marketplace (1)/node_modules/.call-bound-pEoU9jcr',
129 silly reify   '/home/aashorrosh/aegis-marketplace (1)/node_modules/cluster-key-slot': '/home/aashorrosh/aegis-marketplace (1)/node_modules/.cluster-key-slot-yZulD7Y6',
129 silly reify   '/home/aashorrosh/aegis-marketplace (1)/node_modules/content-disposition': '/home/aashorrosh/aegis-marketplace (1)/node_modules/.content-disposition-DduUQlzA',
129 silly reify   '/home/aashorrosh/aegis-marketplace (1)/node_modules/content-type': '/home/aashorrosh/aegis-marketplace (1)/node_modules/.content-type-ZSKVlAnV',
129 silly reify   '/home/aashorrosh/aegis-marketplace (1)/node_modules/cookie': '/home/aashorrosh/aegis-marketplace (1)/node_modules/.cookie-nAurVunT',
129 silly reify   '/home/aashorrosh/aegis-marketplace (1)/node_modules/cookie-signature': '/home/aashorrosh/aegis-marketplace (1)/node_modules/.cookie-signature-NVWa0kJy',
129 silly reify   '/home/aashorrosh/aegis-marketplace (1)/node_modules/cors': '/home/aashorrosh/aegis-marketplace (1)/node_modules/.cors-T7ZEnH8P',
129 silly reify   '/home/aashorrosh/aegis-marketplace (1)/node_modules/create-require': '/home/aashorrosh/aegis-marketplace (1)/node_modules/.create-require-FJkQKuD7',
129 silly reify   '/home/aashorrosh/aegis-marketplace (1)/node_modules/debug': '/home/aashorrosh/aegis-marketplace (1)/node_modules/.debug-db22nqZ3',
129 silly reify   '/home/aashorrosh/aegis-marketplace (1)/node_modules/denque': '/home/aashorrosh/aegis-marketplace (1)/node_modules/.denque-hK1HR0oM',
129 silly reify   '/home/aashorrosh/aegis-marketplace (1)/node_modules/depd': '/home/aashorrosh/aegis-marketplace (1)/node_modules/.depd-vga22Rrw',
129 silly reify   '/home/aashorrosh/aegis-marketplace (1)/node_modules/diff': '/home/aashorrosh/aegis-marketplace (1)/node_modules/.diff-sNXbKBSH',
129 silly reify   '/home/aashorrosh/aegis-marketplace (1)/node_modules/dotenv': '/home/aashorrosh/aegis-marketplace (1)/node_modules/.dotenv-oI2gv1GA',
129 silly reify   '/home/aashorrosh/aegis-marketplace (1)/node_modules/dunder-proto': '/home/aashorrosh/aegis-marketplace (1)/node_modules/.dunder-proto-NPwUx7nR',
129 silly reify   '/home/aashorrosh/aegis-marketplace (1)/node_modules/ee-first': '/home/aashorrosh/aegis-marketplace (1)/node_modules/.ee-first-GkejMHuv',
129 silly reify   '/home/aashorrosh/aegis-marketplace (1)/node_modules/encodeurl': '/home/aashorrosh/aegis-marketplace (1)/node_modules/.encodeurl-VDAcoxU1',
129 silly reify   '/home/aashorrosh/aegis-marketplace (1)/node_modules/es-define-property': '/home/aashorrosh/aegis-marketplace (1)/node_modules/.es-define-property-EXXCSjRy',
129 silly reify   '/home/aashorrosh/aegis-marketplace (1)/node_modules/es-errors': '/home/aashorrosh/aegis-marketplace (1)/node_modules/.es-errors-AqkNvcjS',
129 silly reify   '/home/aashorrosh/aegis-marketplace (1)/node_modules/es-object-atoms': '/home/aashorrosh/aegis-marketplace (1)/node_modules/.es-object-atoms-tkwvgFsh',
129 silly reify   '/home/aashorrosh/aegis-marketplace (1)/node_modules/escape-html': '/home/aashorrosh/aegis-marketplace (1)/node_modules/.escape-html-CMoVpECp',
129 silly reify   '/home/aashorrosh/aegis-marketplace (1)/node_modules/etag': '/home/aashorrosh/aegis-marketplace (1)/node_modules/.etag-umUZHAH9',
129 silly reify   '/home/aashorrosh/aegis-marketplace (1)/node_modules/express': '/home/aashorrosh/aegis-marketplace (1)/node_modules/.express-GpOgjafV',
129 silly reify   '/home/aashorrosh/aegis-marketplace (1)/node_modules/finalhandler': '/home/aashorrosh/aegis-marketplace (1)/node_modules/.finalhandler-BGCfL0Fe',
129 silly reify   '/home/aashorrosh/aegis-marketplace (1)/node_modules/forwarded': '/home/aashorrosh/aegis-marketplace (1)/node_modules/.forwarded-owgoYQy2',
129 silly reify   '/home/aashorrosh/aegis-marketplace (1)/node_modules/fresh': '/home/aashorrosh/aegis-marketplace (1)/node_modules/.fresh-tjiT4MwS',
129 silly reify   '/home/aashorrosh/aegis-marketplace (1)/node_modules/function-bind': '/home/aashorrosh/aegis-marketplace (1)/node_modules/.function-bind-KCdNmHZo',
129 silly reify   '/home/aashorrosh/aegis-marketplace (1)/node_modules/get-intrinsic': '/home/aashorrosh/aegis-marketplace (1)/node_modules/.get-intrinsic-JEAXvbqA',
129 silly reify   '/home/aashorrosh/aegis-marketplace (1)/node_modules/get-proto': '/home/aashorrosh/aegis-marketplace (1)/node_modules/.get-proto-vpMOz0iI',
129 silly reify   '/home/aashorrosh/aegis-marketplace (1)/node_modules/gopd': '/home/aashorrosh/aegis-marketplace (1)/node_modules/.gopd-CJn8xBZK',
129 silly reify   '/home/aashorrosh/aegis-marketplace (1)/node_modules/has-symbols': '/home/aashorrosh/aegis-marketplace (1)/node_modules/.has-symbols-yz2sJSU8',
129 silly reify   '/home/aashorrosh/aegis-marketplace (1)/node_modules/hasown': '/home/aashorrosh/aegis-marketplace (1)/node_modules/.hasown-aOk2vBmv',
129 silly reify   '/home/aashorrosh/aegis-marketplace (1)/node_modules/http-errors': '/home/aashorrosh/aegis-marketplace (1)/node_modules/.http-errors-ckRaaMLS',
129 silly reify   '/home/aashorrosh/aegis-marketplace (1)/node_modules/iconv-lite': '/home/aashorrosh/aegis-marketplace (1)/node_modules/.iconv-lite-qFvGQsBg',
129 silly reify   '/home/aashorrosh/aegis-marketplace (1)/node_modules/inherits': '/home/aashorrosh/aegis-marketplace (1)/node_modules/.inherits-QlJyV7Ug',
129 silly reify   '/home/aashorrosh/aegis-marketplace (1)/node_modules/ioredis': '/home/aashorrosh/aegis-marketplace (1)/node_modules/.ioredis-o68M8g9L',
129 silly reify   '/home/aashorrosh/aegis-marketplace (1)/node_modules/ipaddr.js': '/home/aashorrosh/aegis-marketplace (1)/node_modules/.ipaddr.js-t2iW4DFQ',
129 silly reify   '/home/aashorrosh/aegis-marketplace (1)/node_modules/is-promise': '/home/aashorrosh/aegis-marketplace (1)/node_modules/.is-promise-e3atPwfS',
129 silly reify   '/home/aashorrosh/aegis-marketplace (1)/node_modules/make-error': '/home/aashorrosh/aegis-marketplace (1)/node_modules/.make-error-9lBxGuqd',
129 silly reify   '/home/aashorrosh/aegis-marketplace (1)/node_modules/math-intrinsics': '/home/aashorrosh/aegis-marketplace (1)/node_modules/.math-intrinsics-aJqmJbqo',
129 silly reify   '/home/aashorrosh/aegis-marketplace (1)/node_modules/media-typer': '/home/aashorrosh/aegis-marketplace (1)/node_modules/.media-typer-uteuVovB',
129 silly reify   '/home/aashorrosh/aegis-marketplace (1)/node_modules/merge-descriptors': '/home/aashorrosh/aegis-marketplace (1)/node_modules/.merge-descriptors-5CCJrfaw',
129 silly reify   '/home/aashorrosh/aegis-marketplace (1)/node_modules/mime-db': '/home/aashorrosh/aegis-marketplace (1)/node_modules/.mime-db-91mTByft',
129 silly reify   '/home/aashorrosh/aegis-marketplace (1)/node_modules/mime-types': '/home/aashorrosh/aegis-marketplace (1)/node_modules/.mime-types-oWCWBr7y',
129 silly reify   '/home/aashorrosh/aegis-marketplace (1)/node_modules/ms': '/home/aashorrosh/aegis-marketplace (1)/node_modules/.ms-Y1AfDVau',
129 silly reify   '/home/aashorrosh/aegis-marketplace (1)/node_modules/negotiator': '/home/aashorrosh/aegis-marketplace (1)/node_modules/.negotiator-LJquz5vw',
129 silly reify   '/home/aashorrosh/aegis-marketplace (1)/node_modules/object-assign': '/home/aashorrosh/aegis-marketplace (1)/node_modules/.object-assign-vYOxTURB',
129 silly reify   '/home/aashorrosh/aegis-marketplace (1)/node_modules/object-inspect': '/home/aashorrosh/aegis-marketplace (1)/node_modules/.object-inspect-ogwNge5v',
129 silly reify   '/home/aashorrosh/aegis-marketplace (1)/node_modules/on-finished': '/home/aashorrosh/aegis-marketplace (1)/node_modules/.on-finished-ZJMn3jjK',
129 silly reify   '/home/aashorrosh/aegis-marketplace (1)/node_modules/once': '/home/aashorrosh/aegis-marketplace (1)/node_modules/.once-hI7qgH0o',
129 silly reify   '/home/aashorrosh/aegis-marketplace (1)/node_modules/parseurl': '/home/aashorrosh/aegis-marketplace (1)/node_modules/.parseurl-v0lNtDVX',
129 silly reify   '/home/aashorrosh/aegis-marketplace (1)/node_modules/path-to-regexp': '/home/aashorrosh/aegis-marketplace (1)/node_modules/.path-to-regexp-p2LH6hVZ',
129 silly reify   '/home/aashorrosh/aegis-marketplace (1)/node_modules/proxy-addr': '/home/aashorrosh/aegis-marketplace (1)/node_modules/.proxy-addr-hUFFB9oy',
129 silly reify   '/home/aashorrosh/aegis-marketplace (1)/node_modules/qs': '/home/aashorrosh/aegis-marketplace (1)/node_modules/.qs-akj6wqkT',
129 silly reify   '/home/aashorrosh/aegis-marketplace (1)/node_modules/range-parser': '/home/aashorrosh/aegis-marketplace (1)/node_modules/.range-parser-PzIEpJEp',
129 silly reify   '/home/aashorrosh/aegis-marketplace (1)/node_modules/raw-body': '/home/aashorrosh/aegis-marketplace (1)/node_modules/.raw-body-gl7OAFq2',
129 silly reify   '/home/aashorrosh/aegis-marketplace (1)/node_modules/redis-errors': '/home/aashorrosh/aegis-marketplace (1)/node_modules/.redis-errors-GzjgZny0',
129 silly reify   '/home/aashorrosh/aegis-marketplace (1)/node_modules/router': '/home/aashorrosh/aegis-marketplace (1)/node_modules/.router-p9uI8Cgb',
129 silly reify   '/home/aashorrosh/aegis-marketplace (1)/node_modules/safer-buffer': '/home/aashorrosh/aegis-marketplace (1)/node_modules/.safer-buffer-DT69v7qL',
129 silly reify   '/home/aashorrosh/aegis-marketplace (1)/node_modules/send': '/home/aashorrosh/aegis-marketplace (1)/node_modules/.send-DJj65gjk',
129 silly reify   '/home/aashorrosh/aegis-marketplace (1)/node_modules/serve-static': '/home/aashorrosh/aegis-marketplace (1)/node_modules/.serve-static-YuuCuA0h',
129 silly reify   '/home/aashorrosh/aegis-marketplace (1)/node_modules/setprototypeof': '/home/aashorrosh/aegis-marketplace (1)/node_modules/.setprototypeof-9SJZMqkO',
129 silly reify   '/home/aashorrosh/aegis-marketplace (1)/node_modules/side-channel': '/home/aashorrosh/aegis-marketplace (1)/node_modules/.side-channel-pznaAWzC',
129 silly reify   '/home/aashorrosh/aegis-marketplace (1)/node_modules/side-channel-list': '/home/aashorrosh/aegis-marketplace (1)/node_modules/.side-channel-list-gdPd0D9A',
129 silly reify   '/home/aashorrosh/aegis-marketplace (1)/node_modules/side-channel-map': '/home/aashorrosh/aegis-marketplace (1)/node_modules/.side-channel-map-yo7YsaAp',
129 silly reify   '/home/aashorrosh/aegis-marketplace (1)/node_modules/side-channel-weakmap': '/home/aashorrosh/aegis-marketplace (1)/node_modules/.side-channel-weakmap-aDnCA2Pi',
129 silly reify   '/home/aashorrosh/aegis-marketplace (1)/node_modules/standard-as-callback': '/home/aashorrosh/aegis-marketplace (1)/node_modules/.standard-as-callback-FwKRO613',
129 silly reify   '/home/aashorrosh/aegis-marketplace (1)/node_modules/statuses': '/home/aashorrosh/aegis-marketplace (1)/node_modules/.statuses-cRFmNdIp',
129 silly reify   '/home/aashorrosh/aegis-marketplace (1)/node_modules/toidentifier': '/home/aashorrosh/aegis-marketplace (1)/node_modules/.toidentifier-gDgkL2r5',
129 silly reify   '/home/aashorrosh/aegis-marketplace (1)/node_modules/ts-node': '/home/aashorrosh/aegis-marketplace (1)/node_modules/.ts-node-nKwi90F7',
129 silly reify   '/home/aashorrosh/aegis-marketplace (1)/node_modules/.bin/ts-node': '/home/aashorrosh/aegis-marketplace (1)/node_modules/.bin/.ts-node-K6ovBDk0',
129 silly reify   '/home/aashorrosh/aegis-marketplace (1)/node_modules/.bin/ts-node-cwd': '/home/aashorrosh/aegis-marketplace (1)/node_modules/.bin/.ts-node-cwd-G9c3GWw5',
129 silly reify   '/home/aashorrosh/aegis-marketplace (1)/node_modules/.bin/ts-node-esm': '/home/aashorrosh/aegis-marketplace (1)/node_modules/.bin/.ts-node-esm-hPyCXDxH',
129 silly reify   '/home/aashorrosh/aegis-marketplace (1)/node_modules/.bin/ts-node-script': '/home/aashorrosh/aegis-marketplace (1)/node_modules/.bin/.ts-node-script-tSW284nR',
129 silly reify   '/home/aashorrosh/aegis-marketplace (1)/node_modules/.bin/ts-node-transpile-only': '/home/aashorrosh/aegis-marketplace (1)/node_modules/.bin/.ts-node-transpile-only-3UODBFEP',
129 silly reify   '/home/aashorrosh/aegis-marketplace (1)/node_modules/.bin/ts-script': '/home/aashorrosh/aegis-marketplace (1)/node_modules/.bin/.ts-script-vRwSR2ec',
129 silly reify   '/home/aashorrosh/aegis-marketplace (1)/node_modules/type-is': '/home/aashorrosh/aegis-marketplace (1)/node_modules/.type-is-ZTPD9Arl',
129 silly reify   '/home/aashorrosh/aegis-marketplace (1)/node_modules/undici-types': '/home/aashorrosh/aegis-marketplace (1)/node_modules/.undici-types-Zcbf83wn',
129 silly reify   '/home/aashorrosh/aegis-marketplace (1)/node_modules/unpipe': '/home/aashorrosh/aegis-marketplace (1)/node_modules/.unpipe-3l653umJ',
129 silly reify   '/home/aashorrosh/aegis-marketplace (1)/node_modules/v8-compile-cache-lib': '/home/aashorrosh/aegis-marketplace (1)/node_modules/.v8-compile-cache-lib-JYoO4LLb',
129 silly reify   '/home/aashorrosh/aegis-marketplace (1)/node_modules/vary': '/home/aashorrosh/aegis-marketplace (1)/node_modules/.vary-Go4xXild',
129 silly reify   '/home/aashorrosh/aegis-marketplace (1)/node_modules/wrappy': '/home/aashorrosh/aegis-marketplace (1)/node_modules/.wrappy-keUwxxwT',
129 silly reify   '/home/aashorrosh/aegis-marketplace (1)/node_modules/yn': '/home/aashorrosh/aegis-marketplace (1)/node_modules/.yn-jpflv6l2',
129 silly reify   '/home/aashorrosh/aegis-marketplace (1)/node_modules/@ioredis/commands': '/home/aashorrosh/aegis-marketplace (1)/node_modules/@ioredis/.commands-um3IPz2f'
129 silly reify }
130 timing reify:retireShallow Completed in 12ms
131 timing reify:createSparse Completed in 0ms
132 timing reify:loadBundles Completed in 0ms
133 timing reify:unpack Completed in 0ms
134 timing reify:unretire Completed in 1ms
135 timing build:queue Completed in 0ms
136 timing build:deps Completed in 0ms
137 timing build Completed in 0ms
138 timing reify:build Completed in 0ms
139 timing reify:trash Completed in 83ms
140 timing reify:save Completed in 2ms
141 timing reify Completed in 170ms
142 timing command:install Completed in 174ms
143 verbose stack Error: ENOENT: no such file or directory, open '/home/aashorrosh/aegis-marketplace (1)/package.json'
144 verbose cwd /home/aashorrosh/aegis-marketplace (1)
145 verbose Linux 6.6.135-09383-g1140e4f27e24
146 verbose node v20.19.2
147 verbose npm  v9.2.0
148 error code ENOENT
149 error syscall open
150 error path /home/aashorrosh/aegis-marketplace (1)/package.json
151 error errno -2
152 error enoent ENOENT: no such file or directory, open '/home/aashorrosh/aegis-marketplace (1)/package.json'
153 error enoent This is related to npm not being able to find a file.
153 error enoent
154 verbose exit -2
155 timing npm Completed in 199ms
156 verbose code -2
157 error A complete log of this run can be found in:
157 error     /home/aashorrosh/.npm/_logs/2026-09-08T00_44_06_618Z-debug-0.log
